// Jest Snapshot v1, https://goo.gl/fbAQLP

exports[`All props are passed 1`] = `
<div
  className="footer_container"
>
  <div
    className="footer_wrapper"
  >
    <div
      className="footer_btn"
    >
      <button
        className="ant-btn ant-btn-default ant-btn-lg ant-btn-block"
        onClick={[Function]}
        type="button"
      >
        <span
          aria-label="check"
          className="anticon anticon-check"
          role="img"
        >
          <svg
            aria-hidden="true"
            data-icon="check"
            fill="currentColor"
            focusable="false"
            height="1em"
            viewBox="64 64 896 896"
            width="1em"
          >
            <path
              d="M912 190h-69.9c-9.8 0-19.1 4.5-25.1 12.2L404.7 724.5 207 474a32 32 0 00-25.1-12.2H112c-6.7 0-10.4 7.7-6.3 12.9l273.9 347c12.8 16.2 37.4 16.2 50.3 0l488.4-618.9c4.1-5.1.4-12.8-6.3-12.8z"
            />
          </svg>
        </span>
        <span>
          Validate
        </span>
      </button>
      <input
        className="ant-input ant-input-sm"
        onBlur={[Function]}
        onChange={[Function]}
        onFocus={[Function]}
        onKeyDown={[Function]}
        style={
          Object {
            "height": "41px",
          }
        }
        type="text"
        value="Unsolved"
      />
    </div>
    <div
      className="footer_btn"
    >
      <input
        className="ant-input ant-input-sm"
        onBlur={[Function]}
        onChange={[Function]}
        onFocus={[Function]}
        onKeyDown={[Function]}
        style={
          Object {
            "height": "41px",
            "textTransform": "capitalize",
          }
        }
        type="text"
        value="easy"
      />
      <button
        className="ant-btn ant-btn-default ant-btn-lg ant-btn-block"
        onClick={[Function]}
        type="button"
      >
        <span
          aria-label="container"
          className="anticon anticon-container"
          role="img"
        >
          <svg
            aria-hidden="true"
            data-icon="container"
            fill="currentColor"
            focusable="false"
            height="1em"
            viewBox="64 64 896 896"
            width="1em"
          >
            <path
              d="M832 64H192c-17.7 0-32 14.3-32 32v832c0 17.7 14.3 32 32 32h640c17.7 0 32-14.3 32-32V96c0-17.7-14.3-32-32-32zm-40 824H232V687h97.9c11.6 32.8 32 62.3 59.1 84.7 34.5 28.5 78.2 44.3 123 44.3s88.5-15.7 123-44.3c27.1-22.4 47.5-51.9 59.1-84.7H792v-63H643.6l-5.2 24.7C626.4 708.5 573.2 752 512 752s-114.4-43.5-126.5-103.3l-5.2-24.7H232V136h560v752zM320 341h384c4.4 0 8-3.6 8-8v-48c0-4.4-3.6-8-8-8H320c-4.4 0-8 3.6-8 8v48c0 4.4 3.6 8 8 8zm0 160h384c4.4 0 8-3.6 8-8v-48c0-4.4-3.6-8-8-8H320c-4.4 0-8 3.6-8 8v48c0 4.4 3.6 8 8 8z"
            />
          </svg>
        </span>
        <span>
          Difficulty
        </span>
      </button>
    </div>
  </div>
  <div
    className="footer_wrapper"
    style={
      Object {
        "marginBottom": "20px",
      }
    }
  >
    <button
      className="ant-btn ant-btn-default ant-btn-lg ant-btn-block"
      onClick={[Function]}
      style={
        Object {
          "backgroundColor": "#4CAF50",
          "color": "white",
          "height": "50px",
        }
      }
      type="button"
    >
      <span>
        Solve
      </span>
    </button>
  </div>
</div>
`;
